
> peach-delta@0.1.0 test
> react-scripts test --watchAll=false

  console.error
    Warning: `ReactDOMTestUtils.act` is deprecated in favor of `React.act`. Import `act` from `react` instead of `react-dom/test-utils`. See https://react.dev/warnings/react-dom-test-utils for more info.

      21 |     });
      22 |
    > 23 |     render(<Discover />);
         |           ^
      24 |
      25 |     // Check for the "Peach Nectar" header
      26 |     expect(screen.getByText(/Peach Nectar!/i)).toBeInTheDocument();

      at printWarning (node_modules/react-dom/cjs/react-dom-test-utils.development.js:71:30)
      at error (node_modules/react-dom/cjs/react-dom-test-utils.development.js:45:7)
      at actWithWarning (node_modules/react-dom/cjs/react-dom-test-utils.development.js:1736:7)
      at node_modules/@testing-library/react/dist/act-compat.js:63:25
      at renderRoot (node_modules/@testing-library/react/dist/pure.js:159:26)
      at render (node_modules/@testing-library/react/dist/pure.js:246:10)
      at Object.<anonymous> (src/components/Discover.test.js:23:11)
      at TestScheduler.scheduleTests (node_modules/@jest/core/build/TestScheduler.js:333:13)
      at runJest (node_modules/@jest/core/build/runJest.js:404:19)
      at _run10000 (node_modules/@jest/core/build/cli/index.js:320:7)
      at runCLI (node_modules/@jest/core/build/cli/index.js:173:3)

PASS src/components/Discover.test.js
  Discover Component
    ✓ renders Peach Nectar notification when match is compatible (93 ms)
    ✓ shows Ripen button when user has enough pits (22 ms)
    ✓ shows Get More Pits button when user has insufficient pits (11 ms)

Test Suites: 1 passed, 1 total
Tests:       3 passed, 3 total
Snapshots:   0 total
Time:        1.742 s
Ran all test suites.
